src/app/api/payment/create/route.ts(2,24): error TS2307: Cannot find module 'date-fns' or its corresponding type declarations.
